// 重构日志: d55bcb7b
// 同步 ID: 76b0513f @ Wed Jul 15 07:16:42 UTC 2026
// 重构日志: ac9882dd
// 重构日志: 05ff6788
// 重构日志: 00603c16
// 重构日志: 70d0e4cc
// 重构日志: 0add8098
// 重构日志: 527f91b8
// 重构日志: fdafeef8
// 重构日志: d466a8ab
// 同步 ID: 240c5961 @ Fri Jul 17 17:47:52 UTC 2026
// 重构日志: 87539e3c
// 重构日志: d4fa4686
// 重构日志: b7a3459d
// 重构日志: 704f4ebd
// 同步 ID: 88e5d49f @ Sun Jul 19 14:59:37 UTC 2026
// 重构日志: 4d3e02b1
// 重构日志: d7cc6e29
// 重构日志: addfb173
// 重构日志: 6461dcff
// 重构日志: 1a25cd7b
// 重构日志: cfa1ea89
// 同步 ID: d7c0806c @ Wed Jul 22 07:44:36 UTC 2026
// 重构日志: 8fab1434
// 重构日志: 1f4f25c0
// 重构日志: 2311085a
// 重构日志: f8a9be3b
// 重构日志: a1e3e27e
// 同步 ID: e58209a5 @ Tue Jul 28 07:15:23 UTC 2026
// 同步 ID: 4966a6d1 @ Tue Jul 28 10:17:25 UTC 2026
// 重构日志: 75c9c4fe
